optmod.c:101:9:install_optmod_func	56	static
optmod.c:137:16:_optmod_open	16	static
optmod.c:141:16:_optmod_read	24	static
optmod.c:145:16:_optmod_write	24	static
optmod.c:171:16:_optmod_ioctl	32	static
optmod.c:256:33:optmod_oper_status_duration	24	static
optmod.c:262:31:optmod_oper_status_state	24	static
optmod.c:273:13:pfunB_Delay_oper_task_timer	24	static
optmod.c:289:6:_optmod_operation_task	80	static
optmod.c:426:17:optmod_operation_start	40	static
optmod.c:503:16:optmod_operation_terminate	16	static
optmod.c:519:13:optmod_operation_block_until_done	24	static
optmod.c:545:16:optmod_operation_Suspend	16	static
optmod.c:554:16:optmod_operation_Resume	16	static
optmod.c:565:9:optmod_operation_set_old	16	static
optmod.c:573:16:optmod_operation_set	32	static
optmod.c:612:16:optmod_operation_get_settings	24	static
optmod.c:620:6:_optmod_calibration_task	56	static
optmod.c:667:16:optmod_calibration_start	40	static
optmod.c:699:16:optmod_calibration_terminate	16	static
optmod.c:711:13:optmod_calibration_block_until_done	16	static
optmod.c:717:16:optmod_calibration_read_sample	16	static
optmod.c:732:16:_optmod_settings_set_default	24	static
optmod.c:751:26:optmod_init_created	24	static
optmod.c:767:16:optmod_init	48	static
optmod.c:825:9:optmod_set_stdout	16	static
optmod.c:836:6:_optmod_operation_old_task	88	static
optmod.c:922:9:optmod_operation_start_old	40	static
