telnet_server.c:124:14:TelnetAccept	32	static
telnet_server.c:216:14:TelnetReceive	40	static
telnet_server.c:274:14:TelnetSent	32	static
telnet_server.c:311:13:TelnetError	24	static
telnet_server.c:331:24:CreateTelnetServer	8	static
telnet_server.c:367:13:ClearToMessageBuffer	16	static
telnet_server.c:375:13:TelnetWriteBuffer	16	static
telnet_server.c:401:16:InitializeTelnetServer	32	static
telnet_server.c:430:16:StartTelnetServer	16	static
telnet_server.c:504:6:TelnetClose	16	static
telnet_server.c:535:9:TelnetIsConnected	4	static
telnet_server.c:546:7:TelnetPoll	32	static
telnet_server.c:611:6:TelnetRecvBufferWrite	16	static
telnet_server.c:729:6:TelnetProcessWill	32	static
telnet_server.c:783:6:TelnetProcessWont	24	static
telnet_server.c:834:6:TelnetProcessDo	32	static
telnet_server.c:887:6:TelnetProcessDont	24	static
telnet_server.c:934:6:TelnetProcessCharacter	16	static
telnet_server.c:1040:6:TelnetWriteErrorMessage	24	static
telnet_server.c:1064:6:TelnetWriteStatusMessage	32	static
telnet_server.c:1090:6:TelnetWriteDebugMessage	32	static
telnet_server.c:1116:6:TelnetWriteCommandDataMessage	32	static
