main.c:136:10:HIGH_RES_TIMER_10US	12	static
main.c:147:5:main	64	static
main.c:260:6:SystemClock_Config	216	static
main.c:314:13:MX_ADC1_Init	24	static
main.c:364:13:MX_ADC2_Init	56	static
main.c:427:13:MX_ADC3_Init	24	static
main.c:485:13:MX_I2C1_Init	8	static
main.c:531:13:MX_SPI1_Init	8	static
main.c:571:13:MX_SPI2_Init	8	static
main.c:611:13:MX_SPI3_Init	8	static
main.c:651:13:MX_TIM7_Init	24	static
main.c:689:13:MX_USART1_UART_Init	8	static
main.c:724:13:MX_USART2_UART_Init	8	static
main.c:759:13:MX_GPIO_Init	64	static
main.c:893:6:StartDefaultTask	16	static
main.c:925:6:HAL_TIM_PeriodElapsedCallback	24	static
main.c:944:6:Error_Handler	4	static
